c:\users\a\desktop\theorb\theorb\x64\release\vc143.pdb
c:\users\a\desktop\theorb\theorb\x64\release\vulkandescriptorset.obj
c:\users\a\desktop\theorb\theorb\x64\release\vulkancontext.obj
c:\users\a\desktop\theorb\theorb\x64\release\vulkancommandbuffer.obj
c:\users\a\desktop\theorb\theorb\x64\release\vulkanbuffer.obj
c:\users\a\desktop\theorb\theorb\x64\release\texture.obj
c:\users\a\desktop\theorb\theorb\x64\release\skyboxpass.obj
c:\users\a\desktop\theorb\theorb\x64\release\shadowpass.obj
c:\users\a\desktop\theorb\theorb\x64\release\scene.obj
c:\users\a\desktop\theorb\theorb\x64\release\renderer.obj
c:\users\a\desktop\theorb\theorb\x64\release\particlesystem.obj
c:\users\a\desktop\theorb\theorb\x64\release\graphicspipeline.obj
c:\users\a\desktop\theorb\theorb\x64\release\cubemap.obj
c:\users\a\desktop\theorb\theorb\x64\release\cameracontroller.obj
c:\users\a\desktop\theorb\theorb\x64\release\camera.obj
c:\users\a\desktop\theorb\theorb\x64\release\main.obj
c:\users\a\desktop\theorb\theorb\x64\release\objloader.obj
c:\users\a\desktop\theorb\theorb\x64\release\geometrygenerator.obj
c:\users\a\desktop\theorb\theorb\x64\release\geometry.obj
c:\users\a\desktop\theorb\theorb\x64\release\window.obj
c:\users\a\desktop\theorb\theorb\x64\release\application.obj
c:\users\a\desktop\theorb\theorb\x64\release\vulkanutils.obj
c:\users\a\desktop\theorb\theorb\x64\release\vulkansyncobjects.obj
c:\users\a\desktop\theorb\theorb\x64\release\vulkanswapchain.obj
c:\users\a\desktop\theorb\theorb\x64\release\vulkanshader.obj
c:\users\a\desktop\theorb\theorb\x64\release\vulkanrenderpass.obj
c:\users\a\desktop\theorb\theorb\x64\release\vulkandevice.obj
c:\users\a\desktop\theorb\theorb\x64\release\particlelibrary.obj
c:\users\a\desktop\theorb\theorb\x64\release\config.obj
c:\users\a\desktop\theorb\src\shaders\frag.spv
c:\users\a\desktop\theorb\src\shaders\vert.spv
c:\users\a\desktop\theorb\src\shaders\shadow_frag.spv
c:\users\a\desktop\theorb\src\shaders\shadow_vert.spv
c:\users\a\desktop\theorb\src\shaders\skybox_frag.spv
c:\users\a\desktop\theorb\src\shaders\skybox_vert.spv
c:\users\a\desktop\theorb\src\shaders\particle_frag.spv
c:\users\a\desktop\theorb\src\shaders\particle_vert.spv
c:\users\a\desktop\theorb\x64\release\theorb.exe
c:\users\a\desktop\theorb\x64\release\theorb.pdb
c:\users\a\desktop\theorb\theorb\x64\release\theorb.ipdb
c:\users\a\desktop\theorb\theorb\x64\release\theorb.iobj
c:\users\a\desktop\theorb\theorb\x64\release\theorb.tlog\cl.command.1.tlog
c:\users\a\desktop\theorb\theorb\x64\release\theorb.tlog\cl.items.tlog
c:\users\a\desktop\theorb\theorb\x64\release\theorb.tlog\cl.read.1.tlog
c:\users\a\desktop\theorb\theorb\x64\release\theorb.tlog\cl.write.1.tlog
c:\users\a\desktop\theorb\theorb\x64\release\theorb.tlog\custombuild.command.1.tlog
c:\users\a\desktop\theorb\theorb\x64\release\theorb.tlog\custombuild.read.1.tlog
c:\users\a\desktop\theorb\theorb\x64\release\theorb.tlog\custombuild.write.1.tlog
c:\users\a\desktop\theorb\theorb\x64\release\theorb.tlog\link.command.1.tlog
c:\users\a\desktop\theorb\theorb\x64\release\theorb.tlog\link.read.1.tlog
c:\users\a\desktop\theorb\theorb\x64\release\theorb.tlog\link.secondary.1.tlog
c:\users\a\desktop\theorb\theorb\x64\release\theorb.tlog\link.write.1.tlog
